// Jest Snapshot v1, https://goo.gl/fbAQLP

exports[`AnswerButton renders correctly 1`] = `
<TouchableOpacity
  activeOpacity={0.2}
  onPress={[Function]}
  style={
    Array [
      Object {
        "alignItems": "center",
        "backgroundColor": "blue",
        "borderRadius": 30,
        "height": 80,
        "justifyContent": "center",
        "padding": 10,
      },
      Object {},
    ]
  }
>
  <Text
    accessible={true}
    allowFontScaling={true}
    ellipsizeMode="tail"
    style={
      Object {
        "color": "white",
        "fontSize": 20,
      }
    }
  />
</TouchableOpacity>
`;
