// Jest Snapshot v1, https://goo.gl/fbAQLP

exports[`HeaderLogo renders correctly 1`] = `
<View
  style={
    Object {
      "alignItems": "center",
      "flex": 1,
    }
  }
>
  <Image
    resizeMode="contain"
    source={1}
    style={
      Object {
        "alignSelf": "center",
        "height": 28,
        "width": 260,
      }
    }
  />
</View>
`;
